Before

> > First line Another line
>
> Second paragraph first line Second paragraph another line\
> Second paragraph last line
>
> > Nested line\
> > Third paragraph
>
> Last line\

After
