Inline code

```
indent 4 spaces
```

```
Or use 3 backticks
```

```go
var num = 42
```
