Head 1
======

line 1
 line 2

Head 2
------

### Head 3

#### Head 4 ![alt test](./image.png)

#

line 1 line 2

*Emphasis*

**Strong**

![alt text](./image.png "image title") [text](./link.png "title")